
> nexgo@0.1.0 dev
> next dev -p 3021

▲ Next.js 16.3.4 (Turbopack)
- Local:         http://localhost:3021
- Network:       http://192.168.56.1:3021
✓ Ready in 963ms
✓ Running next.config.mjs took 21ms

 GET /login 200 in 3.1s (next.js: 2.9s, application-code: 194ms)
 GET /login 200 in 246ms (next.js: 50ms, application-code: 196ms)
 GET /login 200 in 233ms (next.js: 101ms, application-code: 132ms)
 GET /login 200 in 203ms (next.js: 38ms, application-code: 164ms)
 GET /login 200 in 102ms (next.js: 21ms, application-code: 81ms)
 GET /login 200 in 78ms (next.js: 16ms, application-code: 61ms)
 GET /login 200 in 212ms (next.js: 89ms, application-code: 123ms)
○ Compiling /dashboard ...
 GET /dashboard 200 in 3.9s (next.js: 3.8s, application-code: 152ms)
 GET /dashboard 200 in 310ms (next.js: 13ms, application-code: 297ms)
 GET /dashboard 200 in 244ms (next.js: 55ms, application-code: 190ms)
 GET /dashboard 200 in 283ms (next.js: 146ms, application-code: 137ms)
 GET /dashboard 200 in 88ms (next.js: 28ms, application-code: 61ms)
 GET /orders/b2c 200 in 585ms (next.js: 557ms, application-code: 28ms)
 GET /orders 200 in 390ms (next.js: 351ms, application-code: 39ms)
 GET /shipments 200 in 326ms (next.js: 285ms, application-code: 42ms)
 GET /mis 200 in 515ms (next.js: 482ms, application-code: 33ms)
 GET /ndr 200 in 351ms (next.js: 308ms, application-code: 43ms)
 GET /weight-discrepancies 200 in 378ms (next.js: 347ms, application-code: 31ms)
 GET /tools/rate-card 200 in 519ms (next.js: 475ms, application-code: 44ms)
 GET /tools/rate-calculator 200 in 293ms (next.js: 262ms, application-code: 31ms)
✓ Compiled in 101ms
 GET /tools/rate-calculator 200 in 49ms (next.js: 13ms, application-code: 36ms)
 GET /tools/rate-calculator 200 in 36ms (next.js: 10ms, application-code: 26ms)
 GET /tools/rate-calculator 200 in 38ms (next.js: 10ms, application-code: 28ms)
 GET /tools/rate-calculator 200 in 62ms (next.js: 16ms, application-code: 45ms)
 GET /tools/rate-calculator 200 in 75ms (next.js: 18ms, application-code: 57ms)
 GET /tools/rate-calculator 200 in 73ms (next.js: 15ms, application-code: 57ms)
 GET /tools/rate-calculator 200 in 63ms (next.js: 15ms, application-code: 48ms)
 GET /tools/rate-calculator 200 in 64ms (next.js: 17ms, application-code: 47ms)
 GET /tools/rate-calculator 200 in 508ms (next.js: 8ms, application-code: 500ms)
 GET /channels/shopify 200 in 438ms (next.js: 403ms, application-code: 36ms)
 GET /finance/cod-reconciliation 200 in 239ms (next.js: 216ms, application-code: 24ms)
 GET /finance/wallet-history 200 in 306ms (next.js: 275ms, application-code: 31ms)
 GET /finance/shipping-charges 200 in 264ms (next.js: 240ms, application-code: 25ms)
 GET /finance/invoice 200 in 302ms (next.js: 261ms, application-code: 41ms)
 GET /tools/rate-calculator 200 in 46ms (next.js: 13ms, application-code: 33ms)
✓ Compiled in 29ms
 GET /tools/rate-calculator 200 in 40ms (next.js: 11ms, application-code: 29ms)
 GET /tools/rate-calculator 200 in 36ms (next.js: 9ms, application-code: 27ms)
 GET /tools/rate-calculator 200 in 40ms (next.js: 9ms, application-code: 31ms)
 GET /tools/rate-calculator 200 in 44ms (next.js: 10ms, application-code: 34ms)
 GET /tools/rate-calculator 200 in 38ms (next.js: 8ms, application-code: 30ms)
 GET /tools/rate-calculator 200 in 112ms (next.js: 33ms, application-code: 79ms)
 GET /tools/rate-calculator 200 in 46ms (next.js: 10ms, application-code: 35ms)
 GET /tools/rate-calculator 200 in 41ms (next.js: 12ms, application-code: 30ms)
 GET /dashboard 200 in 165ms (next.js: 17ms, application-code: 148ms)
 GET /dashboard 200 in 41ms (next.js: 33ms, application-code: 8ms)
 GET /dashboard 200 in 27ms (next.js: 6ms, application-code: 21ms)
 GET /dashboard 200 in 15ms (next.js: 7ms, application-code: 8ms)
 GET /dashboard 200 in 29ms (next.js: 8ms, application-code: 21ms)
✓ Compiled in 165ms
 GET /dashboard 200 in 105ms (next.js: 13ms, application-code: 92ms)
 GET /tools/rate-calculator 200 in 64ms (next.js: 17ms, application-code: 47ms)
✓ Compiled in 15ms
⚠ Fast Refresh had to perform a full reload when ./lib/theme.js changed. Read more: https://nextjs.org/docs/messages/fast-refresh-reload
⚠ Fast Refresh had to perform a full reload when ./lib/theme.js changed. Read more: https://nextjs.org/docs/messages/fast-refresh-reload
⚠ Fast Refresh had to perform a full reload when ./lib/theme.js changed. Read more: https://nextjs.org/docs/messages/fast-refresh-reload
✓ Compiled in 193ms
 GET /dashboard 200 in 324ms (next.js: 15ms, application-code: 309ms)
 GET /dashboard 200 in 244ms (next.js: 46ms, application-code: 199ms)
 GET /tools/rate-calculator 200 in 250ms (next.js: 22ms, application-code: 229ms)
 GET /tools/rate-calculator 200 in 248ms (next.js: 87ms, application-code: 161ms)
✓ Compiled in 131ms
 GET /dashboard 200 in 98ms (next.js: 13ms, application-code: 85ms)
 GET /tools/rate-calculator 200 in 51ms (next.js: 15ms, application-code: 36ms)
✓ Compiled in 112ms
 GET /dashboard 200 in 95ms (next.js: 22ms, application-code: 73ms)
 GET /tools/rate-calculator 200 in 95ms (next.js: 55ms, application-code: 40ms)
 GET /dashboard 200 in 180ms (next.js: 11ms, application-code: 169ms)
 GET /shipments 200 in 118ms (next.js: 37ms, application-code: 81ms)
✓ Compiled in 104ms
 GET /dashboard 200 in 111ms (next.js: 21ms, application-code: 90ms)
 GET /shipments 200 in 50ms (next.js: 14ms, application-code: 36ms)
 GET /tools/rate-calculator 200 in 47ms (next.js: 16ms, application-code: 31ms)
