[     461ms] [INFO] %cDownload the React DevTools for a better development experience: https://react.dev/link/react-devtools font-weight:bold @ http://localhost:3021/_next/static/chunks/node_modules_next_dist_1e8vcs8._.js:776
[     544ms] [LOG] [HMR] connected @ http://localhost:3021/_next/static/chunks/node_modules_next_dist_1e8vcs8._.js:776
[     950ms] [ERROR] Failed to load resource: the server responded with a status of 401 (Unauthorized) @ http://localhost:4010/v1/seller/me:0
[     951ms] [ERROR] Failed to load resource: the server responded with a status of 401 (Unauthorized) @ http://localhost:4010/v1/wallet:0
[     951ms] [ERROR] Failed to load resource: the server responded with a status of 401 (Unauthorized) @ http://localhost:4010/v1/seller/me:0
[     951ms] [ERROR] Failed to load resource: the server responded with a status of 401 (Unauthorized) @ http://localhost:4010/v1/analytics/dashboard:0
[     951ms] [ERROR] Failed to load resource: the server responded with a status of 401 (Unauthorized) @ http://localhost:4010/v1/seller/me:0
[     951ms] [ERROR] Failed to load resource: the server responded with a status of 401 (Unauthorized) @ http://localhost:4010/v1/wallet:0
[     951ms] [ERROR] Failed to load resource: the server responded with a status of 401 (Unauthorized) @ http://localhost:4010/v1/analytics/dashboard:0
[     951ms] [ERROR] Failed to load resource: the server responded with a status of 401 (Unauthorized) @ http://localhost:4010/v1/seller/me:0
[   21433ms] [ERROR] Failed to load resource: the server responded with a status of 401 (Unauthorized) @ http://localhost:4010/v1/wallet:0
[   21437ms] [ERROR] Failed to load resource: the server responded with a status of 401 (Unauthorized) @ http://localhost:4010/v1/shipments:0
[   21438ms] [ERROR] Failed to load resource: the server responded with a status of 401 (Unauthorized) @ http://localhost:4010/v1/shipments:0
[   70530ms] [LOG] [Fast Refresh] rebuilding @ http://localhost:3021/_next/static/chunks/node_modules_next_dist_1e8vcs8._.js:776
[   70587ms] [ERROR] Failed to load resource: the server responded with a status of 401 (Unauthorized) @ http://localhost:4010/v1/shipments:0
[   70588ms] [LOG] [Fast Refresh] done in 79ms @ http://localhost:3021/_next/static/chunks/node_modules_next_dist_1e8vcs8._.js:776
[   70609ms] [LOG] [Fast Refresh] done in 79ms @ http://localhost:3021/_next/static/chunks/node_modules_next_dist_1e8vcs8._.js:776
[   70656ms] [LOG] [Fast Refresh] done in 79ms @ http://localhost:3021/_next/static/chunks/node_modules_next_dist_1e8vcs8._.js:776
[   70731ms] [LOG] [Fast Refresh] done in 79ms @ http://localhost:3021/_next/static/chunks/node_modules_next_dist_1e8vcs8._.js:776
[   74089ms] [LOG] [Fast Refresh] done in 79ms @ http://localhost:3021/_next/static/chunks/node_modules_next_dist_1e8vcs8._.js:776
[   75750ms] [LOG] [Fast Refresh] done in 79ms @ http://localhost:3021/_next/static/chunks/node_modules_next_dist_1e8vcs8._.js:776
[   75792ms] [LOG] [Fast Refresh] done in 79ms @ http://localhost:3021/_next/static/chunks/node_modules_next_dist_1e8vcs8._.js:776
[   76240ms] [LOG] [Fast Refresh] done in 79ms @ http://localhost:3021/_next/static/chunks/node_modules_next_dist_1e8vcs8._.js:776
[   78669ms] [LOG] [Fast Refresh] done in 79ms @ http://localhost:3021/_next/static/chunks/node_modules_next_dist_1e8vcs8._.js:776
[   79165ms] [LOG] [Fast Refresh] done in 79ms @ http://localhost:3021/_next/static/chunks/node_modules_next_dist_1e8vcs8._.js:776
[   79702ms] [LOG] [Fast Refresh] done in 79ms @ http://localhost:3021/_next/static/chunks/node_modules_next_dist_1e8vcs8._.js:776
[   82751ms] [LOG] [Fast Refresh] done in 79ms @ http://localhost:3021/_next/static/chunks/node_modules_next_dist_1e8vcs8._.js:776
[   82813ms] [LOG] [Fast Refresh] done in 79ms @ http://localhost:3021/_next/static/chunks/node_modules_next_dist_1e8vcs8._.js:776
[   84473ms] [LOG] [Fast Refresh] done in 79ms @ http://localhost:3021/_next/static/chunks/node_modules_next_dist_1e8vcs8._.js:776
[   85203ms] [LOG] [Fast Refresh] done in 79ms @ http://localhost:3021/_next/static/chunks/node_modules_next_dist_1e8vcs8._.js:776
[  162486ms] [LOG] [Fast Refresh] done in 79ms @ http://localhost:3021/_next/static/chunks/node_modules_next_dist_1e8vcs8._.js:776
[  200310ms] [LOG] [Fast Refresh] done in 79ms @ http://localhost:3021/_next/static/chunks/node_modules_next_dist_1e8vcs8._.js:776
[  322709ms] [LOG] [Fast Refresh] rebuilding @ http://localhost:3021/_next/static/chunks/node_modules_next_dist_1e8vcs8._.js:776
[  322760ms] [LOG] [Fast Refresh] done in 76ms @ http://localhost:3021/_next/static/chunks/node_modules_next_dist_1e8vcs8._.js:776
[  322839ms] [LOG] [Fast Refresh] done in 76ms @ http://localhost:3021/_next/static/chunks/node_modules_next_dist_1e8vcs8._.js:776
[  322895ms] [LOG] [Fast Refresh] done in 76ms @ http://localhost:3021/_next/static/chunks/node_modules_next_dist_1e8vcs8._.js:776
[  322948ms] [LOG] [Fast Refresh] done in 76ms @ http://localhost:3021/_next/static/chunks/node_modules_next_dist_1e8vcs8._.js:776
[  327601ms] [LOG] [Fast Refresh] done in 76ms @ http://localhost:3021/_next/static/chunks/node_modules_next_dist_1e8vcs8._.js:776
[  329271ms] [LOG] [Fast Refresh] done in 76ms @ http://localhost:3021/_next/static/chunks/node_modules_next_dist_1e8vcs8._.js:776
[  329333ms] [LOG] [Fast Refresh] done in 76ms @ http://localhost:3021/_next/static/chunks/node_modules_next_dist_1e8vcs8._.js:776
[  329721ms] [LOG] [Fast Refresh] done in 76ms @ http://localhost:3021/_next/static/chunks/node_modules_next_dist_1e8vcs8._.js:776
[  331117ms] [LOG] [Fast Refresh] done in 76ms @ http://localhost:3021/_next/static/chunks/node_modules_next_dist_1e8vcs8._.js:776
[  331518ms] [LOG] [Fast Refresh] done in 76ms @ http://localhost:3021/_next/static/chunks/node_modules_next_dist_1e8vcs8._.js:776
[  331998ms] [LOG] [Fast Refresh] done in 76ms @ http://localhost:3021/_next/static/chunks/node_modules_next_dist_1e8vcs8._.js:776
[  332092ms] [LOG] [Fast Refresh] done in 76ms @ http://localhost:3021/_next/static/chunks/node_modules_next_dist_1e8vcs8._.js:776
[  334820ms] [LOG] [Fast Refresh] done in 76ms @ http://localhost:3021/_next/static/chunks/node_modules_next_dist_1e8vcs8._.js:776
[  335922ms] [LOG] [Fast Refresh] done in 76ms @ http://localhost:3021/_next/static/chunks/node_modules_next_dist_1e8vcs8._.js:776
[  336015ms] [LOG] [Fast Refresh] done in 76ms @ http://localhost:3021/_next/static/chunks/node_modules_next_dist_1e8vcs8._.js:776
[  336202ms] [LOG] [Fast Refresh] done in 76ms @ http://localhost:3021/_next/static/chunks/node_modules_next_dist_1e8vcs8._.js:776
[  632636ms] [LOG] [Fast Refresh] rebuilding @ http://localhost:3021/_next/static/chunks/node_modules_next_dist_1e8vcs8._.js:776
[  632718ms] [LOG] [Fast Refresh] done in 104ms @ http://localhost:3021/_next/static/chunks/node_modules_next_dist_1e8vcs8._.js:776
[  632789ms] [LOG] [Fast Refresh] done in 104ms @ http://localhost:3021/_next/static/chunks/node_modules_next_dist_1e8vcs8._.js:776
[  632910ms] [LOG] [Fast Refresh] done in 104ms @ http://localhost:3021/_next/static/chunks/node_modules_next_dist_1e8vcs8._.js:776
[  650046ms] [LOG] [Fast Refresh] rebuilding @ http://localhost:3021/_next/static/chunks/node_modules_next_dist_1e8vcs8._.js:776
[  650117ms] [LOG] [Fast Refresh] done in 51ms @ http://localhost:3021/_next/static/chunks/node_modules_next_dist_1e8vcs8._.js:776
[  650240ms] [LOG] [Fast Refresh] done in 51ms @ http://localhost:3021/_next/static/chunks/node_modules_next_dist_1e8vcs8._.js:776
[  655389ms] [LOG] [Fast Refresh] done in 51ms @ http://localhost:3021/_next/static/chunks/node_modules_next_dist_1e8vcs8._.js:776
[  656663ms] [LOG] [Fast Refresh] rebuilding @ http://localhost:3021/_next/static/chunks/node_modules_next_dist_1e8vcs8._.js:776
[  656790ms] [LOG] [Fast Refresh] done in 57ms @ http://localhost:3021/_next/static/chunks/node_modules_next_dist_1e8vcs8._.js:776
[  656887ms] [LOG] [Fast Refresh] done in 57ms @ http://localhost:3021/_next/static/chunks/node_modules_next_dist_1e8vcs8._.js:776
[  661936ms] [LOG] [Fast Refresh] done in 57ms @ http://localhost:3021/_next/static/chunks/node_modules_next_dist_1e8vcs8._.js:776
[  663830ms] [LOG] [Fast Refresh] done in 57ms @ http://localhost:3021/_next/static/chunks/node_modules_next_dist_1e8vcs8._.js:776
[  664029ms] [LOG] [Fast Refresh] done in 57ms @ http://localhost:3021/_next/static/chunks/node_modules_next_dist_1e8vcs8._.js:776
[  664107ms] [LOG] [Fast Refresh] done in 57ms @ http://localhost:3021/_next/static/chunks/node_modules_next_dist_1e8vcs8._.js:776
[  664483ms] [LOG] [Fast Refresh] done in 57ms @ http://localhost:3021/_next/static/chunks/node_modules_next_dist_1e8vcs8._.js:776
[  666421ms] [LOG] [Fast Refresh] done in 57ms @ http://localhost:3021/_next/static/chunks/node_modules_next_dist_1e8vcs8._.js:776
[  666730ms] [LOG] [Fast Refresh] done in 57ms @ http://localhost:3021/_next/static/chunks/node_modules_next_dist_1e8vcs8._.js:776
[  667180ms] [LOG] [Fast Refresh] done in 57ms @ http://localhost:3021/_next/static/chunks/node_modules_next_dist_1e8vcs8._.js:776
[  667260ms] [LOG] [Fast Refresh] done in 57ms @ http://localhost:3021/_next/static/chunks/node_modules_next_dist_1e8vcs8._.js:776
[  669764ms] [LOG] [Fast Refresh] done in 57ms @ http://localhost:3021/_next/static/chunks/node_modules_next_dist_1e8vcs8._.js:776
[  670971ms] [LOG] [Fast Refresh] done in 57ms @ http://localhost:3021/_next/static/chunks/node_modules_next_dist_1e8vcs8._.js:776
[  671032ms] [LOG] [Fast Refresh] done in 57ms @ http://localhost:3021/_next/static/chunks/node_modules_next_dist_1e8vcs8._.js:776
[  671278ms] [LOG] [Fast Refresh] done in 57ms @ http://localhost:3021/_next/static/chunks/node_modules_next_dist_1e8vcs8._.js:776
[  689799ms] [LOG] [Fast Refresh] done in 57ms @ http://localhost:3021/_next/static/chunks/node_modules_next_dist_1e8vcs8._.js:776
[  690658ms] [LOG] [Fast Refresh] done in 57ms @ http://localhost:3021/_next/static/chunks/node_modules_next_dist_1e8vcs8._.js:776
[  691212ms] [LOG] [Fast Refresh] done in 57ms @ http://localhost:3021/_next/static/chunks/node_modules_next_dist_1e8vcs8._.js:776
[  692931ms] [LOG] [Fast Refresh] done in 57ms @ http://localhost:3021/_next/static/chunks/node_modules_next_dist_1e8vcs8._.js:776
[  851599ms] [LOG] [Fast Refresh] done in 57ms @ http://localhost:3021/_next/static/chunks/node_modules_next_dist_1e8vcs8._.js:776
[  874726ms] [LOG] [Fast Refresh] rebuilding @ http://localhost:3021/_next/static/chunks/node_modules_next_dist_1e8vcs8._.js:776
[  874906ms] [LOG] [Fast Refresh] done in 276ms @ http://localhost:3021/_next/static/chunks/node_modules_next_dist_1e8vcs8._.js:776
[  874907ms] [LOG] [Fast Refresh] done in 276ms @ http://localhost:3021/_next/static/chunks/node_modules_next_dist_1e8vcs8._.js:776
[  874907ms] [LOG] [Fast Refresh] done in 276ms @ http://localhost:3021/_next/static/chunks/node_modules_next_dist_1e8vcs8._.js:776
[  874949ms] [LOG] [Fast Refresh] done in 276ms @ http://localhost:3021/_next/static/chunks/node_modules_next_dist_1e8vcs8._.js:776
[  875023ms] [LOG] [Fast Refresh] done in 276ms @ http://localhost:3021/_next/static/chunks/node_modules_next_dist_1e8vcs8._.js:776
[  876230ms] [LOG] [Fast Refresh] done in 276ms @ http://localhost:3021/_next/static/chunks/node_modules_next_dist_1e8vcs8._.js:776
[  881508ms] [LOG] [Fast Refresh] done in 276ms @ http://localhost:3021/_next/static/chunks/node_modules_next_dist_1e8vcs8._.js:776
[  895912ms] [LOG] [Fast Refresh] done in 276ms @ http://localhost:3021/_next/static/chunks/node_modules_next_dist_1e8vcs8._.js:776
[  897745ms] [LOG] [Fast Refresh] done in 276ms @ http://localhost:3021/_next/static/chunks/node_modules_next_dist_1e8vcs8._.js:776
[  897791ms] [LOG] [Fast Refresh] done in 276ms @ http://localhost:3021/_next/static/chunks/node_modules_next_dist_1e8vcs8._.js:776
[  898179ms] [LOG] [Fast Refresh] done in 276ms @ http://localhost:3021/_next/static/chunks/node_modules_next_dist_1e8vcs8._.js:776
[  899713ms] [LOG] [Fast Refresh] done in 276ms @ http://localhost:3021/_next/static/chunks/node_modules_next_dist_1e8vcs8._.js:776
[  900232ms] [LOG] [Fast Refresh] done in 276ms @ http://localhost:3021/_next/static/chunks/node_modules_next_dist_1e8vcs8._.js:776
[  900698ms] [LOG] [Fast Refresh] done in 276ms @ http://localhost:3021/_next/static/chunks/node_modules_next_dist_1e8vcs8._.js:776
[  900806ms] [LOG] [Fast Refresh] done in 276ms @ http://localhost:3021/_next/static/chunks/node_modules_next_dist_1e8vcs8._.js:776
[  903447ms] [LOG] [Fast Refresh] done in 276ms @ http://localhost:3021/_next/static/chunks/node_modules_next_dist_1e8vcs8._.js:776
[  904835ms] [LOG] [Fast Refresh] done in 276ms @ http://localhost:3021/_next/static/chunks/node_modules_next_dist_1e8vcs8._.js:776
[  905605ms] [LOG] [Fast Refresh] done in 276ms @ http://localhost:3021/_next/static/chunks/node_modules_next_dist_1e8vcs8._.js:776
[  939931ms] [LOG] [Fast Refresh] rebuilding @ http://localhost:3021/_next/static/chunks/node_modules_next_dist_1e8vcs8._.js:776
[  940768ms] [LOG] [Fast Refresh] done in 943ms @ http://localhost:3021/_next/static/chunks/node_modules_next_dist_1e8vcs8._.js:776
[ 1060141ms] [LOG] [Fast Refresh] rebuilding @ http://localhost:3021/_next/static/chunks/node_modules_next_dist_1e8vcs8._.js:776
[ 1060250ms] [LOG] [Fast Refresh] done in 221ms @ http://localhost:3021/_next/static/chunks/node_modules_next_dist_1e8vcs8._.js:776
[ 1114690ms] [LOG] [Fast Refresh] rebuilding @ http://localhost:3021/_next/static/chunks/node_modules_next_dist_1e8vcs8._.js:776
[ 1115309ms] [ERROR] Failed to load resource: the server responded with a status of 401 (Unauthorized) @ http://localhost:4010/v1/shipments:0
[ 1115366ms] [LOG] [Fast Refresh] done in 731ms @ http://localhost:3021/_next/static/chunks/node_modules_next_dist_1e8vcs8._.js:776
[ 1115449ms] [LOG] [Fast Refresh] done in 731ms @ http://localhost:3021/_next/static/chunks/node_modules_next_dist_1e8vcs8._.js:776
[ 1115520ms] [LOG] [Fast Refresh] done in 731ms @ http://localhost:3021/_next/static/chunks/node_modules_next_dist_1e8vcs8._.js:776
[ 1115667ms] [LOG] [Fast Refresh] done in 731ms @ http://localhost:3021/_next/static/chunks/node_modules_next_dist_1e8vcs8._.js:776
[ 1120651ms] [LOG] [Fast Refresh] done in 731ms @ http://localhost:3021/_next/static/chunks/node_modules_next_dist_1e8vcs8._.js:776
[ 1129879ms] [LOG] [Fast Refresh] done in 731ms @ http://localhost:3021/_next/static/chunks/node_modules_next_dist_1e8vcs8._.js:776
[ 1151499ms] [LOG] [Fast Refresh] done in 731ms @ http://localhost:3021/_next/static/chunks/node_modules_next_dist_1e8vcs8._.js:776
[ 1557555ms] [LOG] [Fast Refresh] rebuilding @ http://localhost:3021/_next/static/chunks/node_modules_next_dist_1e8vcs8._.js:776
[ 1557601ms] [LOG] [Fast Refresh] done in 155ms @ http://localhost:3021/_next/static/chunks/node_modules_next_dist_1e8vcs8._.js:776
[ 1560273ms] [LOG] [Fast Refresh] rebuilding @ http://localhost:3021/_next/static/chunks/node_modules_next_dist_1e8vcs8._.js:776
[ 1560525ms] [LOG] [Fast Refresh] done in 360ms @ http://localhost:3021/_next/static/chunks/node_modules_next_dist_1e8vcs8._.js:776
[ 1567224ms] [LOG] [Fast Refresh] rebuilding @ http://localhost:3021/_next/static/chunks/node_modules_next_dist_1e8vcs8._.js:776
[ 1569250ms] [LOG] [Fast Refresh] done in 2133ms @ http://localhost:3021/_next/static/chunks/node_modules_next_dist_1e8vcs8._.js:776
[ 1598333ms] [LOG] [Fast Refresh] rebuilding @ http://localhost:3021/_next/static/chunks/node_modules_next_dist_1e8vcs8._.js:776
[ 1599000ms] [LOG] [Fast Refresh] done in 775ms @ http://localhost:3021/_next/static/chunks/node_modules_next_dist_1e8vcs8._.js:776
[ 1599824ms] [LOG] [Fast Refresh] rebuilding @ http://localhost:3021/_next/static/chunks/node_modules_next_dist_1e8vcs8._.js:776
[ 1600060ms] [LOG] [Fast Refresh] done in 343ms @ http://localhost:3021/_next/static/chunks/node_modules_next_dist_1e8vcs8._.js:776
